(217,3,211,,,,,,,,,0,0,0,0,0)
(30,4,2,A,false,2805,1,1,1,1,1,0,0,0,0,0)
