(217,3,211,,,,,0.0,0.0,0.0,0,0,0,,,,,0,0,0,0,,,,,0,0,0,0,1443980844)
(30,4,2,2015-07-15,VEND,true,true,10.5,9.6,2.5,0,0,0,RMP|RBO|RMI,RMP|RBO|RMI,RMP|RBO|RMI,RMP|RBO|RMI,0,0,0,0,,,,,0,0,0,0,1443980844)
