(200,0,129,,,,,,,,,,,,,,9000005,N,Y,C1,2005-06-06,2099-12-31,N,1,2,3005,X,4,LTL,8867,Owned,0,1,1,1,0,1,0,0,1,1,0,2015-07-15,VEND,true,true,,,,,,,,,,,,,0,1,1,DE,Mon Nov 24 00:00:00 CST 2014,Sat Feb 07 00:00:00 CST 2016,1,1,)
(217,3,211,,,,,,,,,,,,,,,,,,,,,,,,,,,,,,,,,,,,,,,,,,,,,,,,,,,,,,,,,0,,,,,,,)
